// Jest Snapshot v1, https://goo.gl/fbAQLP

exports[`Login Page Renders Spinner and calls login 1`] = `
<div
  class="Spinner loginPage"
>
  <div
    class="Spinner-spinner"
  >
    <svg
      viewBox="0 0 64 64"
    >
      <circle
        r="26"
        transform="translate(32,32)"
      />
    </svg>
  </div>
  <div
    class="Spinner-content"
  >
    Logging in
  </div>
</div>
`;
