// Jest Snapshot v1, https://goo.gl/fbAQLP

exports[`Callback Page Renders calls handleAuthentication 1`] = `
<div
  class="auth-callback-page"
>
  <div
    class="Spinner"
  >
    <div
      class="Spinner-spinner"
    >
      <svg
        viewBox="0 0 64 64"
      >
        <circle
          r="26"
          transform="translate(32,32)"
        />
      </svg>
    </div>
  </div>
</div>
`;

exports[`Callback Page Renders does not call handleAuthentication 1`] = `
<div
  class="auth-callback-page"
>
  <div
    class="Spinner"
  >
    <div
      class="Spinner-spinner"
    >
      <svg
        viewBox="0 0 64 64"
      >
        <circle
          r="26"
          transform="translate(32,32)"
        />
      </svg>
    </div>
  </div>
</div>
`;
